
Discarded input sections

 .text          0x0000000000000000        0x0 build/marioparty.u.o
 .data          0x0000000000000000        0x0 build/marioparty.u.o
 .bss           0x0000000000000000        0x0 build/marioparty.u.o
 .reginfo       0x0000000000000000       0x18 build/marioparty.u.o
 .MIPS.abiflags
                0x0000000000000000       0x18 build/marioparty.u.o
 .pdr           0x0000000000000000        0x0 build/marioparty.u.o
 .gnu.attributes
                0x0000000000000000       0x10 build/marioparty.u.o

Memory Configuration

Name             Origin             Length             Attributes
*default*        0x0000000000000000 0xffffffffffffffff

Linker script and memory map

                0x00000000800cce50                D_800CCE50 = 0x800cce50
                0x00000000800f2a70                D_800F2A70 = 0x800f2a70
                0x00000000800cd650                D_800CD650 = 0x800cd650
                0x00000000800cd800                D_800CD800 = 0x800cd800
                0x00000000800ee984                D_800EE984 = 0x800ee984
                0x00000000800ed6b8                D_800ED6B8 = 0x800ed6b8
                0x00000000800b8988                D_800B8988 = 0x800b8988
                0x00000000800b8980                D_800B8980 = 0x800b8980
                0x00000000800b8964                D_800B8964 = 0x800b8964
                0x00000000800b898c                D_800B898C = 0x800b898c
                0x00000000800b8990                D_800B8990 = 0x800b8990
                0x00000000800f370c                D_800F370C = 0x800f370c
                0x00000000800f0001                D_800F0001 = 0x800f0001
                0x00000000800f2bc0                D_800F2BC0 = 0x800f2bc0
                0x00000000800f5254                D_800F5254 = 0x800f5254
                0x00000000800b8955                D_800B8955 = 0x800b8955
                0x00000000800c0001                D_800C0001 = 0x800c0001
                0x00000000800b8956                D_800B8956 = 0x800b8956
                0x00000000800ed6e0                D_800ED6E0 = 0x800ed6e0
                0x00000000800b8954                D_800B8954 = 0x800b8954
                0x00000000800edec0                D_800EDEC0 = 0x800edec0
                0x00000000800f2b7c                D_800F2B7C = 0x800f2b7c
                0x00000000800b8958                D_800B8958 = 0x800b8958
                0x00000000800b899c                D_800B899C = 0x800b899c
                0x00000000800b8959                D_800B8959 = 0x800b8959
                0x00000000800b8956                D_800B8956 = 0x800b8956
                0x00000000800f2b80                D_800F2B80 = 0x800f2b80
                0x00000000800eded0                D_800EDED0 = 0x800eded0
                0x00000000800b8984                D_800B8984 = 0x800b8984
                0x00000000800f3704                D_800F3704 = 0x800f3704
                0x00000000800f2af8                D_800F2AF8 = 0x800f2af8
                0x00000000800f2b80                D_800F2B80 = 0x800f2b80
                0x00000000800ed440                D_800ED440 = 0x800ed440
                0x00000000800cd9b0                D_800CD9B0 = 0x800cd9b0
                0x00000000800b8998                D_800B8998 = 0x800b8998
                0x00000000800ed430                D_800ED430 = 0x800ed430
                0x00000000800b8994                D_800B8994 = 0x800b8994
                0x00000000800b8968                D_800B8968 = 0x800b8968
                0x00000000800b896c                D_800B896C = 0x800b896c
                0x00000000800b8960                D_800B8960 = 0x800b8960
                0x00000000800b8970                D_800B8970 = 0x800b8970
                0x00000000800b897c                D_800B897C = 0x800b897c
                0x00000000800b895c                D_800B895C = 0x800b895c
                0x00000000800ede70                D_800EDE70 = 0x800ede70
                0x00000000800edeb4                D_800EDEB4 = 0x800edeb4
                0x00000000800ee98c                D_800EE98C = 0x800ee98c
                0x00000000800f33ec                D_800F33EC = 0x800f33ec
                0x00000000800f33f0                D_800F33F0 = 0x800f33f0
                0x00000000800b89a0                D_800B89A0 = 0x800b89a0
                0x00000000800bffff                D_800BFFFF = 0x800bffff
                0x00000000800b895b                D_800B895B = 0x800b895b
                0x00000000800b8974                D_800B8974 = 0x800b8974
                0x00000000800b8978                D_800B8978 = 0x800b8978
                0x00000000800f3fb0                D_800F3FB0 = 0x800f3fb0
                0x00000000800ecb24                D_800ECB24 = 0x800ecb24
                0x00000000800f5038                D_800F5038 = 0x800f5038
                0x00000000800c9ec0                D_800C9EC0 = 0x800c9ec0
                0x00000000800b89a0                D_800B89A0 = 0x800b89a0
                0x00000000800c0002                D_800C0002 = 0x800c0002
                0x00000000800c9edc                D_800C9EDC = 0x800c9edc
                0x00000000800c9ed4                D_800C9ED4 = 0x800c9ed4
                0x00000000800c9ec4                D_800C9EC4 = 0x800c9ec4
                0x00000000800f6524                D_800F6524 = 0x800f6524
                0x00000000800f33f0                D_800F33F0 = 0x800f33f0
                0x00000000800ecde0                D_800ECDE0 = 0x800ecde0
                0x00000000800b8950                D_800B8950 = 0x800b8950
                0x00000000800b89a4                D_800B89A4 = 0x800b89a4
                0x00000000800b895a                D_800B895A = 0x800b895a
                0x00000000800ecb08                D_800ECB08 = 0x800ecb08
                0x00000000800c9f7c                D_800C9F7C = 0x800c9f7c
                0x00000000800cda90                D_800CDA90 = 0x800cda90
                0x00000000800cdac8                D_800CDAC8 = 0x800cdac8
                0x00000000800c1898                D_800C1898 = 0x800c1898
                0x00000000800cdaa8                D_800CDAA8 = 0x800cdaa8
                0x00000000800c18b4                D_800C18B4 = 0x800c18b4
                0x00000000800c18b8                D_800C18B8 = 0x800c18b8
                0x00000000800c18ac                D_800C18AC = 0x800c18ac
                0x00000000800ecb2c                D_800ECB2C = 0x800ecb2c
                0x00000000800cd9c8                D_800CD9C8 = 0x800cd9c8
                0x00000000800cdaec                D_800CDAEC = 0x800cdaec
                0x00000000800ceaa0                D_800CEAA0 = 0x800ceaa0
                0x00000000800c1870                D_800C1870 = 0x800c1870
                0x00000000800cdad4                D_800CDAD4 = 0x800cdad4
                0x00000000800cea8c                D_800CEA8C = 0x800cea8c
                0x00000000800ceaa0                D_800CEAA0 = 0x800ceaa0
                0x00000000800c1874                D_800C1874 = 0x800c1874
                0x00000000800c18a0                D_800C18A0 = 0x800c18a0
                0x00000000800c18a8                D_800C18A8 = 0x800c18a8
                0x00000000800c18e8                D_800C18E8 = 0x800c18e8
                0x00000000800cdab8                D_800CDAB8 = 0x800cdab8
                0x00000000800cdab0                D_800CDAB0 = 0x800cdab0
                0x00000000800cea9c                D_800CEA9C = 0x800cea9c
                0x00000000800cea94                D_800CEA94 = 0x800cea94
                0x00000000800cdaf0                D_800CDAF0 = 0x800cdaf0
                0x00000000800cdaf4                D_800CDAF4 = 0x800cdaf4
                0x00000000800cdb02                D_800CDB02 = 0x800cdb02
                0x00000000800c18d4                D_800C18D4 = 0x800c18d4
                0x00000000800cdae0                D_800CDAE0 = 0x800cdae0
                0x00000000800c1880                D_800C1880 = 0x800c1880
                0x00000000800cdae4                D_800CDAE4 = 0x800cdae4
                0x00000000800c1878                D_800C1878 = 0x800c1878
                0x00000000800cdadc                D_800CDADC = 0x800cdadc
                0x00000000800cdad8                D_800CDAD8 = 0x800cdad8
                0x00000000800cdad0                D_800CDAD0 = 0x800cdad0
                0x00000000800cdae8                D_800CDAE8 = 0x800cdae8
                0x00000000800cdb10                D_800CDB10 = 0x800cdb10
                0x00000000800cdb04                D_800CDB04 = 0x800cdb04
                0x00000000800cdb24                D_800CDB24 = 0x800cdb24
                0x00000000800cd9c0                D_800CD9C0 = 0x800cd9c0
                0x00000000800d0004                D_800D0004 = 0x800d0004
                0x00000000800cdb00                D_800CDB00 = 0x800cdb00
                0x00000000800cdafc                D_800CDAFC = 0x800cdafc
                0x00000000800cdaf8                D_800CDAF8 = 0x800cdaf8
                0x00000000800cdafe                D_800CDAFE = 0x800cdafe
                0x00000000800d00ff                D_800D00FF = 0x800d00ff
                0x00000000800ceaa4                D_800CEAA4 = 0x800ceaa4
                0x00000000800ceabc                D_800CEABC = 0x800ceabc
                0x00000000800cea98                D_800CEA98 = 0x800cea98
                0x00000000800ceab4                D_800CEAB4 = 0x800ceab4
                0x00000000800c18dc                D_800C18DC = 0x800c18dc
                0x00000000800ceab8                D_800CEAB8 = 0x800ceab8
                0x00000000800ceab9                D_800CEAB9 = 0x800ceab9
                0x00000000800ceaba                D_800CEABA = 0x800ceaba
                0x00000000800ceab0                D_800CEAB0 = 0x800ceab0
                0x00000000800ceab2                D_800CEAB2 = 0x800ceab2
                0x00000000800ceaa8                D_800CEAA8 = 0x800ceaa8
                0x00000000800c188c                D_800C188C = 0x800c188c
                0x00000000800cea90                D_800CEA90 = 0x800cea90
                0x00000000800c1888                D_800C1888 = 0x800c1888
                0x00000000800cea88                D_800CEA88 = 0x800cea88
                0x00000000800ceac0                D_800CEAC0 = 0x800ceac0
                0x00000000800ceabb                D_800CEABB = 0x800ceabb
                0x00000000800c18e0                D_800C18E0 = 0x800c18e0
                0x00000000800c18de                D_800C18DE = 0x800c18de
                0x00000000800c18f4                D_800C18F4 = 0x800c18f4
                0x00000000800c18df                D_800C18DF = 0x800c18df
                0x00000000800ceab6                D_800CEAB6 = 0x800ceab6
                0x00000000800ceaac                D_800CEAAC = 0x800ceaac
                0x00000000800cead8                D_800CEAD8 = 0x800cead8
                0x00000000800ceada                D_800CEADA = 0x800ceada
                0x00000000800ceadc                D_800CEADC = 0x800ceadc
                0x00000000800ceae0                D_800CEAE0 = 0x800ceae0
                0x00000000800ceae4                D_800CEAE4 = 0x800ceae4
                0x00000000800ceaf0                D_800CEAF0 = 0x800ceaf0
                0x00000000800ceaf5                D_800CEAF5 = 0x800ceaf5
                0x00000000800ceaf4                D_800CEAF4 = 0x800ceaf4
                0x00000000800ceaec                D_800CEAEC = 0x800ceaec
                0x00000000800ceae8                D_800CEAE8 = 0x800ceae8
                0x00000000800ceaf6                D_800CEAF6 = 0x800ceaf6
                0x00000000800c1890                D_800C1890 = 0x800c1890
                0x00000000800ceac4                D_800CEAC4 = 0x800ceac4
                0x00000000800ceac8                D_800CEAC8 = 0x800ceac8
                0x00000000800ceacc                D_800CEACC = 0x800ceacc
                0x00000000800cead0                D_800CEAD0 = 0x800cead0
                0x00000000800cead4                D_800CEAD4 = 0x800cead4
                0x00000000800cffff                D_800CFFFF = 0x800cffff
                0x00000000800d0dc4                D_800D0DC4 = 0x800d0dc4
                0x00000000800d0dbc                D_800D0DBC = 0x800d0dbc
                0x00000000800d0dc0                D_800D0DC0 = 0x800d0dc0
                0x00000000800d0d50                D_800D0D50 = 0x800d0d50
                0x00000000800d0db8                D_800D0DB8 = 0x800d0db8
                0x00000000800d0dac                D_800D0DAC = 0x800d0dac
                0x00000000800d0da8                D_800D0DA8 = 0x800d0da8
                0x00000000800d0db0                D_800D0DB0 = 0x800d0db0
                0x00000000800d0db4                D_800D0DB4 = 0x800d0db4
                0x00000000800d0da0                D_800D0DA0 = 0x800d0da0
                0x00000000800d0dc8                D_800D0DC8 = 0x800d0dc8
                0x00000000800d0b20                D_800D0B20 = 0x800d0b20
                0x00000000800d0d18                D_800D0D18 = 0x800d0d18
                0x00000000800d10d0                D_800D10D0 = 0x800d10d0
                0x00000000800d10e8                D_800D10E8 = 0x800d10e8
                0x00000000800d0b30                D_800D0B30 = 0x800d0b30
                0x00000000800d0b10                D_800D0B10 = 0x800d0b10
                0x00000000800d0d50                D_800D0D50 = 0x800d0d50
                0x00000000800d0ce0                D_800D0CE0 = 0x800d0ce0
                0x00000000800d0dc6                D_800D0DC6 = 0x800d0dc6
                0x00000000800d0dbe                D_800D0DBE = 0x800d0dbe
                0x00000000800d0da4                D_800D0DA4 = 0x800d0da4
                0x00000000800d0dd0                D_800D0DD0 = 0x800d0dd0
                0x00000000800ceb00                D_800CEB00 = 0x800ceb00
                0x00000000800ed3a8                D_800ED3A8 = 0x800ed3a8
                0x00000000800b1760                D_800B1760 = 0x800b1760
                0x00000000800b1830                D_800B1830 = 0x800b1830
                0x00000000800b7b30                D_800B7B30 = 0x800b7b30
                0x00000000800c9bb0                D_800C9BB0 = 0x800c9bb0
                0x00000000800ee960                D_800EE960 = 0x800ee960
                0x00000000800d12b4                D_800D12B4 = 0x800d12b4
                0x00000000800d12b2                D_800D12B2 = 0x800d12b2
                0x00000000800d12b0                D_800D12B0 = 0x800d12b0
                0x00000000800f3778                D_800F3778 = 0x800f3778
                0x00000000800f5460                D_800F5460 = 0x800f5460
                0x00000000800ece08                D_800ECE08 = 0x800ece08
                0x00000000800f338c                D_800F338C = 0x800f338c
                0x00000000800f33cc                D_800F33CC = 0x800f33cc
                0x00000000800f2ce2                D_800F2CE2 = 0x800f2ce2
                0x00000000800d12cc                D_800D12CC = 0x800d12cc
                0x00000000800d12d0                D_800D12D0 = 0x800d12d0
                0x00000000800d12e8                D_800D12E8 = 0x800d12e8
                0x00000000800d1174                D_800D1174 = 0x800d1174
                0x00000000800d1170                D_800D1170 = 0x800d1170
                0x00000000800d0001                D_800D0001 = 0x800d0001
                0x00000000800d1230                D_800D1230 = 0x800d1230
                0x00000000800d12be                D_800D12BE = 0x800d12be
                0x00000000800d12bf                D_800D12BF = 0x800d12bf
                0x00000000800f0a40                D_800F0A40 = 0x800f0a40
                0x00000000800f5258                D_800F5258 = 0x800f5258
                0x00000000800d0b18                D_800D0B18 = 0x800d0b18
                0x00000000800f5440                D_800F5440 = 0x800f5440
                0x00000000800d12c0                D_800D12C0 = 0x800d12c0
                0x00000000800f544c                D_800F544C = 0x800f544c
                0x00000000800f3396                D_800F3396 = 0x800f3396
                0x00000000800ec6ea                D_800EC6EA = 0x800ec6ea
                0x00000000800f2cf0                D_800F2CF0 = 0x800f2cf0
                0x00000000800f32a4                D_800F32A4 = 0x800f32a4
                0x00000000800d12f0                D_800D12F0 = 0x800d12f0
                0x00000000800d1310                D_800D1310 = 0x800d1310
                0x00000000800d12f4                D_800D12F4 = 0x800d12f4
                0x00000000800d12f8                D_800D12F8 = 0x800d12f8
                0x00000000800d12fc                D_800D12FC = 0x800d12fc
                0x00000000800d1300                D_800D1300 = 0x800d1300
                0x00000000800d1304                D_800D1304 = 0x800d1304
                0x00000000800f3b88                D_800F3B88 = 0x800f3b88
                0x00000000800ee958                D_800EE958 = 0x800ee958
                0x00000000800f5248                D_800F5248 = 0x800f5248
                0x00000000800ede50                D_800EDE58 = 0x800ede50
                0x00000000800c191c                D_800C191C = 0x800c191c
                0x000000000031c7e0                D_0031C7E0 = 0x31c7e0
                0x000000000031bfe0                D_0031BFE0 = 0x31bfe0
                0x00000000800c1910                D_800C1910 = 0x800c1910
                0x00000000800ed724                D_800ED724 = 0x800ed724
                0x00000000800f3b89                D_800F3B89 = 0x800f3b89
                0x00000000800f3b88                D_800F3B88 = 0x800f3b88
                0x00000000800f37dc                D_800F37DC = 0x800f37dc
                0x00000000800c1930                D_800C1930 = 0x800c1930
                0x00000000800f33e8                D_800F33E8 = 0x800f33e8
                0x00000000800ed3e0                D_800ED3E0 = 0x800ed3e0
                0x00000000800c1918                D_800C1918 = 0x800c1918
                0x00000000800c1914                D_800C1914 = 0x800c1914
                0x00000000800c191c                D_800C191C = 0x800c191c
                0x00000000800ede50                D_800EDE50 = 0x800ede50
                0x00000000800f0040                D_800F0040 = 0x800f0040
                0x00000000800c1988                D_800C1988 = 0x800c1988
                0x00000000800c1910                D_800C1914 = 0x800c1910
                0x00000000800f3188                D_800F3188 = 0x800f3188
                0x00000000800f3968                D_800F3968 = 0x800f3968
                0x00000000800d1720                D_800D1720 = 0x800d1720
                0x00000000800d1320                D_800D1320 = 0x800d1320
                0x00000000800c2ff4                D_800C2FF4 = 0x800c2ff4
                0x00000000800c1c70                D_800C1C70 = 0x800c1c70
                0x00000000800c2f94                D_800C2F94 = 0x800c2f94
                0x00000000800c2f04                D_800C2F04 = 0x800c2f04
                0x00000000800c2f4c                D_800C2F4C = 0x800c2f4c
                0x00000000800c3000                D_800C3000 = 0x800c3000
                0x00000000800c3001                D_800C3001 = 0x800c3001
                0x00000000800c3110                D_800C3110 = 0x800c3110
                0x00000000800ee738                D_800EE738 = 0x800ee738
                0x00000000800f2c28                D_800F2C28 = 0x800f2c28
                0x00000000800ed60c                D_800ED60C = 0x800ed60c
                0x00000000800ec6dc                D_800EC6DC = 0x800ec6dc
                0x00000000800ecb38                D_800ECB38 = 0x800ecb38
                0x00000000800f527a                D_800F527A = 0x800f527a
                0x00000000800f6530                D_800F6530 = 0x800f6530
                0x00000000800d1b20                D_800D1B20 = 0x800d1b20
                0x00000000800c30b0                D_800C30B0 = 0x800c30b0
                0x00000000800d1b28                D_800D1B28 = 0x800d1b28
                0x00000000800d1b20                D_800D1B20 = 0x800d1b20
                0x00000000800c30b1                D_800C30B1 = 0x800c30b1
                0x00000000800f6550                D_800F6550 = 0x800f6550
                0x00000000800ed6c0                D_800ED6C0 = 0x800ed6c0
                0x00000000800f52f8                D_800F52F8 = 0x800f52f8
                0x00000000800f3705                D_800F3705 = 0x800f3705
                0x00000000800f3f30                D_800F3F30 = 0x800f3f30
                0x00000000800ed726                D_800ED726 = 0x800ed726
                0x00000000800f64ec                D_800F64EC = 0x800f64ec
                0x0000000000fcb860                D_00FCB860 = 0xfcb860
                0x00000000800f2bd0                D_800F2BD0 = 0x800f2bd0
                0x00000000800f3700                D_800F3700 = 0x800f3700
                0x0000000001bb8460                D_01BB8460 = 0x1bb8460
                0x0000000001778bc0                D_01778BC0 = 0x1778bc0
                0x0000000001832ae0                D_01832AE0 = 0x1832ae0
                0x00000000800c59a0                D_800C59A0 = 0x800c59a0
                0x00000000800c599e                D_800C599E = 0x800c599e
                0x0000000001cecc60                D_01CECC60 = 0x1cecc60
                0x0000000001ced490                D_01CED490 = 0x1ced490
                0x00000000800ed538                D_800ED538 = 0x800ed538
                0x00000000800d5f10                D_800D5F10 = 0x800d5f10
                0x00000000800d5fb0                D_800D5FB0 = 0x800d5fb0
                0x00000000800ed398                D_800ED398 = 0x800ed398
                0x00000000800ed3c2                D_800ED3C2 = 0x800ed3c2
                0x00000000800ecb2e                D_800ECB2E = 0x800ecb2e
                0x00000000800ed0c4                D_800ED0C4 = 0x800ed0c4
                0x00000000800f3838                D_800F3838 = 0x800f3838
                0x00000000800ecb1c                D_800ECB1C = 0x800ecb1c
                0x00000000800d5f18                D_800D5F18 = 0x800d5f18
                0x00000000800d5f30                D_800D5F30 = 0x800d5f30
                0x00000000800d5fc8                D_800D5FC8 = 0x800d5fc8
                0x00000000800d26d0                D_800D26D0 = 0x800d26d0
                0x00000000800d1d20                D_800D1D20 = 0x800d1d20
                0x00000000800d5fec                D_800D5FEC = 0x800d5fec
                0x00000000800d5fe8                D_800D5FE8 = 0x800d5fe8
                0x00000000800d5ed0                D_800D5ED0 = 0x800d5ed0
                0x00000000800f383c                D_800F383C = 0x800f383c
                0x00000000800d5ff0                D_800D5FF0 = 0x800d5ff0
                0x00000000800ed3a0                D_800ED3A0 = 0x800ed3a0
                0x00000000800d5fee                D_800D5FEE = 0x800d5fee
                0x00000000800ed39c                D_800ED39C = 0x800ed39c
                0x00000000800ed3a4                D_800ED3A4 = 0x800ed3a4
                0x00000000800f2cbc                D_800F2CBC = 0x800f2cbc
                0x00000000800ecb34                D_800ECB34 = 0x800ecb34
                0x00000000800f09f0                D_800F09F0 = 0x800f09f0
                0x00000000800f317c                D_800F317C = 0x800f317c
                0x00000000800ed3c8                D_800ED3C8 = 0x800ed3c8
                0x00000000800effff                D_800EFFFF = 0x800effff
                0x00000000800ece20                D_800ECE20 = 0x800ece20
                0x00000000800f0004                D_800F0004 = 0x800f0004
                0x00000000800f0008                D_800F0008 = 0x800f0008
                0x00000000800f000c                D_800F000C = 0x800f000c
                0x00000000800f0010                D_800F0010 = 0x800f0010
                0x00000000800ca7e0                D_800CA7E0 = 0x800ca7e0
                0x00000000800ed565                D_800ED565 = 0x800ed565
                0x00000000800ee32e                D_800EE32E = 0x800ee32e
                0x00000000800ecb30                D_800ECB30 = 0x800ecb30
                0x00000000800f502c                D_800F502C = 0x800f502c
                0x00000000800ec6de                D_800EC6DE = 0x800ec6de
                0x00000000800c30c0                D_800C30C0 = 0x800c30c0
                0x00000000800c30c1                D_800C30C1 = 0x800c30c1
                0x00000000800c30c2                D_800C30C2 = 0x800c30c2
                0x00000000800ed738                D_800ED738 = 0x800ed738
                0x00000000800f3960                D_800F3960 = 0x800f3960
                0x00000000800f33c8                D_800F33C8 = 0x800f33c8
                0x00000000800c30c8                D_800C30C8 = 0x800c30c8
                0x00000000800efff0                D_800EFFF0 = 0x800efff0
                0x00000000800effc0                D_800EFFC0 = 0x800effc0
                0x00000000800ecb00                D_800ECB00 = 0x800ecb00
                0x00000000800f3fa8                D_800F3FA8 = 0x800f3fa8
                0x00000000800c3114                D_800C3114 = 0x800c3114
                0x00000000800c3150                D_800C3150 = 0x800c3150
                0x00000000800c318c                D_800C318C = 0x800c318c
                0x00000000800f37da                D_800F37DA = 0x800f37da
                0x00000000800f32a0                D_800F32A0 = 0x800f32a0
                0x00000000800f2bcc                D_800F2BCC = 0x800f2bcc
                0x00000000800f37f0                D_800F37F0 = 0x800f37f0
                0x00000000800f00f8                D_800F00F8 = 0x800f00f8
                0x00000000800f0058                D_800F0058 = 0x800f0058
                0x00000000800ee312                D_800EE312 = 0x800ee312
                0x00000000800ed0a0                D_800ED0A0 = 0x800ed0a0
                0x00000000800f33a8                D_800F33A8 = 0x800f33a8
                0x00000000800c31e0                D_800C31E0 = 0x800c31e0
                0x00000000800ee318                D_800EE318 = 0x800ee318
                0x00000000800f3714                D_800F3714 = 0x800f3714
                0x00000000800f3f40                D_800F3F40 = 0x800f3f40
                0x00000000800f384e                D_800F384E = 0x800f384e
                0x00000000800ed554                D_800ED554 = 0x800ed554
                0x00000000800f33a0                D_800F33A0 = 0x800f33a0
                0x00000000800f2c20                D_800F2C20 = 0x800f2c20
                0x00000000800ed5e6                D_800ED5E6 = 0x800ed5e6
                0x00000000800f33d4                D_800F33D4 = 0x800f33d4
                0x00000000800f5480                D_800F5480 = 0x800f5480
                0x00000000800f54c0                D_800F54C0 = 0x800f54c0
                0x00000000800ed728                D_800ED728 = 0x800ed728
                0x00000000800ca7f8                D_800CA7F8 = 0x800ca7f8
                0x00000000800f3f48                D_800F3F48 = 0x800f3f48
                0x00000000800ed4a8                D_800ED4A8 = 0x800ed4a8
                0x00000000800c323c                D_800C323C = 0x800c323c
                0x00000000800c3278                D_800C3278 = 0x800c3278
                0x00000000800c3228                D_800C3228 = 0x800c3228
                0x00000000800c3250                D_800C3250 = 0x800c3250
                0x00000000800c3264                D_800C3264 = 0x800c3264
                0x00000000800c3290                D_800C3290 = 0x800c3290
                0x00000000800c3294                D_800C3294 = 0x800c3294
                0x00000000800c3298                D_800C3298 = 0x800c3298
                0x00000000800ee9a0                D_800EE9A0 = 0x800ee9a0
                0x00000000800ecb28                D_800ECB28 = 0x800ecb28
                0x00000000800ee9e0                D_800EE9E0 = 0x800ee9e0
                0x00000000800f546c                D_800F546C = 0x800f546c
                0x00000000800f2b78                D_800F2B78 = 0x800f2b78
                0x00000000800f65dc                D_800F65DC = 0x800f65dc
                0x00000000800ecb10                D_800ECB10 = 0x800ecb10
                0x00000000800f3848                D_800F3848 = 0x800f3848
                0x00000000800f33a4                D_800F33A4 = 0x800f33a4
                0x00000000800c32a0                D_800C32A0 = 0x800c32a0
                0x00000000800ca8c4                D_800CA8C4 = 0x800ca8c4
                0x00000000800ecb14                D_800ECB14 = 0x800ecb14
                0x00000000800f3854                D_800F3854 = 0x800f3854
                0x00000000800f2d00                D_800F2D00 = 0x800f2d00
                0x00000000800ece18                D_800ECE18 = 0x800ece18
                0x00000000800f37e0                D_800F37E0 = 0x800f37e0
                0x00000000800ee754                D_800EE754 = 0x800ee754
                0x00000000800c33c8                D_800C33C8 = 0x800c33c8
                0x00000000800ed3e4                D_800ED3E4 = 0x800ed3e4
                0x00000000800ed3e8                D_800ED3E8 = 0x800ed3e8
                0x00000000800ecb14                D_800ECB14 = 0x800ecb14
                0x00000000800ed0d8                D_800ED0D8 = 0x800ed0d8
                0x00000000800ee754                D_800EE754 = 0x800ee754
                0x00000000800c32b0                D_800C32B0 = 0x800c32b0
                0x00000000800c33b0                D_800C33B0 = 0x800c33b0
                0x00000000800c3430                D_800C3430 = 0x800c3430
                0x00000000800ed6bc                D_800ED6BC = 0x800ed6bc
                0x00000000800c3460                D_800C3460 = 0x800c3460
                0x00000000800ca8d8                D_800CA8D8 = 0x800ca8d8
                0x00000000800c34a4                D_800C34A4 = 0x800c34a4
                0x00000000800f37ac                D_800F37AC = 0x800f37ac
                0x00000000800ee988                D_800EE988 = 0x800ee988
                0x00000000800f65da                D_800F65DA = 0x800f65da
                0x00000000800ed0d0                D_800ED0D0 = 0x800ed0d0
                0x00000000800f2cf9                D_800F2CF9 = 0x800f2cf9
                0x00000000800f3ff4                D_800F3FF4 = 0x800f3ff4
                0x00000000800ecba8                D_800ECBA8 = 0x800ecba8
                0x00000000800d6002                D_800D6002 = 0x800d6002
                0x00000000800f32ac                D_800F32AC = 0x800f32ac
                0x00000000800d6000                D_800D6000 = 0x800d6000
                0x00000000800d6008                D_800D6008 = 0x800d6008
                0x00000000800d6004                D_800D6004 = 0x800d6004
                0x00000000800ed52c                D_800ED52C = 0x800ed52c
                0x00000000800f374c                D_800F374C = 0x800f374c
                0x00000000800f3758                D_800F3758 = 0x800f3758
                0x00000000800f37d8                D_800F37D8 = 0x800f37d8
                0x00000000800ec6f2                D_800EC6F2 = 0x800ec6f2
                0x00000000800f50ba                D_800F50BA = 0x800f50ba
                0x00000000800f6500                D_800F6500 = 0x800f6500
                0x00000000800ed5e8                D_800ED5E8 = 0x800ed5e8
                0x00000000800f3720                D_800F3720 = 0x800f3720
                0x00000000800ec6e8                D_800EC6E8 = 0x800ec6e8
                0x00000000800f329c                D_800F329C = 0x800f329c
                0x00000000800f524c                D_800F524C = 0x800f524c
                0x00000000800f5028                D_800F5028 = 0x800f5028
                0x00000000800edebc                D_800EDEBC = 0x800edebc
                0x00000000800ed0c8                D_800ED0C8 = 0x800ed0c8
                0x00000000800f50bc                D_800F50BC = 0x800f50bc
                0x00000000800f3400                D_800F3400 = 0x800f3400
                0x00000000800f09fc                D_800F09FC = 0x800f09fc
                0x00000000800ee992                D_800EE992 = 0x800ee992
                0x00000000800f37c8                D_800F37C8 = 0x800f37c8
                0x00000000800f64fa                D_800F64FA = 0x800f64fa
                0x00000000800f3100                D_800F3100 = 0x800f3100
                0x00000000800f64f6                D_800F64F6 = 0x800f64f6
                0x00000000800f3f3c                D_800F3F3C = 0x800f3f3c
                0x00000000800ed4ac                D_800ED4AC = 0x800ed4ac
                0x00000000800f6538                D_800F6538 = 0x800f6538
                0x00000000800f546a                D_800F546A = 0x800f546a
                0x00000000800edec8                D_800EDEC8 = 0x800edec8
                0x00000000800ee732                D_800EE732 = 0x800ee732
                0x00000000800ee322                D_800EE322 = 0x800ee322
                0x00000000800f0a60                D_800F0A60 = 0x800f0a60
                0x00000000800f0a64                D_800F0A64 = 0x800f0a64
                0x00000000800f37b0                D_800F37B0 = 0x800f37b0
                0x00000000800f37b4                D_800F37B4 = 0x800f37b4
                0x00000000800f328c                D_800F328C = 0x800f328c
                0x00000000800f3760                D_800F3760 = 0x800f3760
                0x00000000800f37d0                D_800F37D0 = 0x800f37d0
                0x00000000800edeb2                D_800EDEB2 = 0x800edeb2
                0x00000000800ca8f8                D_800CA8F8 = 0x800ca8f8
                0x00000000800ca908                D_800CA908 = 0x800ca908
                0x00000000800f5500                D_800F5500 = 0x800f5500
                0x00000000800f5030                D_800F5030 = 0x800f5030
                0x00000000800f4020                D_800F4020 = 0x800f4020
                0x00000000800f3fe0                D_800F3FE0 = 0x800f3fe0
                0x00000000800ca928                D_800CA928 = 0x800ca928
                0x00000000800ca938                D_800CA938 = 0x800ca938
                0x00000000800ed194                D_800ED194 = 0x800ed194
                0x00000000800ca91c                D_800CA91C = 0x800ca91c
                0x00000000800f375c                D_800F375C = 0x800f375c
                0x00000000800ed6d8                D_800ED6D8 = 0x800ed6d8
                0x00000000800f3962                D_800F3962 = 0x800f3962
                0x00000000800f3710                D_800F3710 = 0x800f3710
                0x00000000800d6010                D_800D6010 = 0x800d6010
                0x00000000800f3292                D_800F3292 = 0x800f3292
                0x00000000800ee32c                D_800EE32C = 0x800ee32c
                0x00000000800ed568                D_800ED568 = 0x800ed568
                0x00000000800ed734                D_800ED734 = 0x800ed734
                0x00000000800f64c0                D_800F64C0 = 0x800f64c0
                0x00000000800ec6f4                D_800EC6F4 = 0x800ec6f4
                0x00000000800f37e4                D_800F37E4 = 0x800f37e4
                0x00000000800f0002                D_800F0002 = 0x800f0002
                0x00000000800ecb16                D_800ECB16 = 0x800ecb16
                0x00000000800d6010                D_800D6010 = 0x800d6010
                0x00000000800f3842                D_800F3842 = 0x800f3842
                0x00000000800f3962                D_800F3962 = 0x800f3962
                0x00000000800c3510                D_800C3510 = 0x800c3510
                0x00000000800c34b0                D_800C34B0 = 0x800c34b0
                0x00000000800c4140                D_800C4140 = 0x800c4140
                0x00000000800ca95c                D_800CA95C = 0x800ca95c
                0x00000000800f0a28                D_800F0A28 = 0x800f0a28
                0x00000000800d6022                D_800D6022 = 0x800d6022
                0x00000000800d6020                D_800D6020 = 0x800d6020
                0x00000000800c4190                D_800C4190 = 0x800c4190
                0x00000000800c34a0                D_800C34A0 = 0x800c34a0
                0x00000000800ee73c                D_800EE73C = 0x800ee73c
                0x00000000800edeb6                D_800EDEB6 = 0x800edeb6
                0x00000000800ece15                D_800ECE15 = 0x800ece15
                0x00000000800f3844                D_800F3844 = 0x800f3844
                0x00000000800f652c                D_800F652C = 0x800f652c
                0x00000000800ca998                D_800CA998 = 0x800ca998
                0x00000000800ca9a0                D_800CA9A0 = 0x800ca9a0
                0x00000000800c41a0                D_800C41A0 = 0x800c41a0
                0x00000000800ca9d8                D_800CA9D8 = 0x800ca9d8
                0x00000000800c41a2                D_800C41A2 = 0x800c41a2
                0x00000000800ece14                D_800ECE14 = 0x800ece14
                0x00000000800f3843                D_800F3843 = 0x800f3843
                0x00000000800caa28                D_800CAA28 = 0x800caa28
                0x00000000800c41a4                D_800C41A4 = 0x800c41a4
                0x00000000800ed730                D_800ED730 = 0x800ed730
                0x00000000800c41d0                D_800C41D0 = 0x800c41d0
                0x00000000800f3708                D_800F3708 = 0x800f3708
                0x00000000800caa30                D_800CAA30 = 0x800caa30
                0x00000000800caa58                D_800CAA58 = 0x800caa58
                0x00000000800c4210                D_800C4210 = 0x800c4210
                0x00000000800c4220                D_800C4220 = 0x800c4220
                0x0000000080000300                D_80000300 = 0x80000300
                0x00000000800ed552                D_800ED552 = 0x800ed552
                0x00000000800c426c                D_800C426C = 0x800c426c
                0x00000000800c4250                D_800C4250 = 0x800c4250
                0x00000000800c425c                D_800C425C = 0x800c425c
                0x00000000800c42b0                D_800C42B0 = 0x800c42b0
                0x00000000800d6030                D_800D6030 = 0x800d6030
                0x00000000800d6040                D_800D6040 = 0x800d6040
                0x00000000800ee320                D_800EE320 = 0x800ee320
                0x00000000800d6050                D_800D6050 = 0x800d6050
                0x00000000800d6054                D_800D6054 = 0x800d6054
                0x00000000800d6058                D_800D6058 = 0x800d6058
                0x00000000800c430c                D_800C430C = 0x800c430c
                0x00000000800c4314                D_800C4314 = 0x800c4314
                0x00000000800d61a8                D_800D61A8 = 0x800d61a8
                0x00000000800f5278                D_800F5278 = 0x800f5278
                0x00000000800ed5dc                D_800ED5DC = 0x800ed5dc
                0x00000000800d6198                D_800D6198 = 0x800d6198
                0x00000000800d61a0                D_800D61A0 = 0x800d61a0
                0x00000000800d6058                D_800D6058 = 0x800d6058
                0x00000000800c42ec                D_800C42EC = 0x800c42ec
                0x00000000800d61b8                D_800D61B8 = 0x800d61b8
                0x00000000800ecc22                D_800ECC22 = 0x800ecc22
                0x00000000800d61c8                D_800D61C8 = 0x800d61c8
                0x00000000800d61c0                D_800D61C0 = 0x800d61c0
                0x00000000800d61c4                D_800D61C4 = 0x800d61c4
                0x00000000800f64f8                D_800F64F8 = 0x800f64f8
                0x00000000800eda88                D_800EDA88 = 0x800eda88
                0x00000000800eda94                D_800EDA94 = 0x800eda94
                0x00000000800d0003                D_800D0003 = 0x800d0003
                0x00000000800ca9a8                D_800CA9A8 = 0x800ca9a8
                0x00000000800f6598                D_800F6598 = 0x800f6598
                0x00000000800c4c30                D_800C4C30 = 0x800c4c30
                0x00000000800ed154                D_800ED154 = 0x800ed154
                0x00000000800f3ff0                D_800F3FF0 = 0x800f3ff0
                0x00000000800caaf8                D_800CAAF8 = 0x800caaf8
                0x00000000800cab1c                D_800CAB1C = 0x800cab1c
                0x00000000800cab44                D_800CAB44 = 0x800cab44
                0x00000000800f2cdc                D_800F2CDC = 0x800f2cdc
                0x00000000800cab4c                D_800CAB4C = 0x800cab4c
                0x00000000800cab58                D_800CAB58 = 0x800cab58
                0x00000000800f65b8                D_800F65B8 = 0x800f65b8
                0x00000000800cab64                D_800CAB64 = 0x800cab64
                0x00000000800f37a8                D_800F37A8 = 0x800f37a8
                0x00000000800cab70                D_800CAB70 = 0x800cab70
                0x00000000800ee986                D_800EE986 = 0x800ee986
                0x00000000800cab7c                D_800CAB7C = 0x800cab7c
                0x00000000800f64c6                D_800F64C6 = 0x800f64c6
                0x00000000800cab88                D_800CAB88 = 0x800cab88
                0x00000000800f3298                D_800F3298 = 0x800f3298
                0x00000000800cab90                D_800CAB90 = 0x800cab90
                0x00000000800f3180                D_800F3180 = 0x800f3180
                0x00000000800cab98                D_800CAB98 = 0x800cab98
                0x00000000800caba0                D_800CABA0 = 0x800caba0
                0x00000000800ecc20                D_800ECC20 = 0x800ecc20
                0x00000000800ed3c0                D_800ED3C0 = 0x800ed3c0
                0x00000000800caba8                D_800CABA8 = 0x800caba8
                0x00000000800f65d8                D_800F65D8 = 0x800f65d8
                0x00000000800cabb0                D_800CABB0 = 0x800cabb0
                0x00000000800f37e8                D_800F37E8 = 0x800f37e8
                0x00000000800ed5c2                D_800ED5C2 = 0x800ed5c2
                0x00000000800cabb8                D_800CABB8 = 0x800cabb8
                0x00000000800d62d0                D_800D62D0 = 0x800d62d0
                0x00000000800f0019                D_800F0019 = 0x800f0019
                0x00000000800d63e1                D_800D63E1 = 0x800d63e1
                0x00000000800d63e4                D_800D63E4 = 0x800d63e4
                0x00000000800d62d0                D_800D62D0 = 0x800d62d0
                0x00000000800d63e2                D_800D63E2 = 0x800d63e2
                0x00000000800cac08                D_800CAC08 = 0x800cac08
                0x00000000800d62da                D_800D62DA = 0x800d62da
                0x00000000800d63e0                D_800D63E0 = 0x800d63e0
                0x00000000800cac48                D_800CAC48 = 0x800cac48
                0x00000000800cac54                D_800CAC54 = 0x800cac54
                0x00000000800cac60                D_800CAC60 = 0x800cac60
                0x00000000800cac6c                D_800CAC6C = 0x800cac6c
                0x00000000800cac78                D_800CAC78 = 0x800cac78
                0x00000000800cac84                D_800CAC84 = 0x800cac84
                0x00000000800cacc4                D_800CACC4 = 0x800cacc4
                0x00000000800cacdc                D_800CACDC = 0x800cacdc
                0x00000000800cacf4                D_800CACF4 = 0x800cacf4
                0x00000000800d63f0                D_800D63F0 = 0x800d63f0
                0x00000000800c4e0c                D_800C4E0C = 0x800c4e0c
                0x00000000800d6459                D_800D6459 = 0x800d6459
                0x00000000800d6400                D_800D6400 = 0x800d6400
                0x00000000800d6404                D_800D6404 = 0x800d6404
                0x00000000800d645a                D_800D645A = 0x800d645a
                0x00000000800d6438                D_800D6438 = 0x800d6438
                0x00000000800d645e                D_800D645E = 0x800d645e
                0x00000000800c4dc8                D_800C4DC8 = 0x800c4dc8
                0x00000000800d6450                D_800D6450 = 0x800d6450
                0x00000000800d645c                D_800D645C = 0x800d645c
                0x00000000800d6460                D_800D6460 = 0x800d6460
                0x00000000800cad28                D_800CAD28 = 0x800cad28
                0x00000000800cad38                D_800CAD38 = 0x800cad38
                0x00000000800d6467                D_800D6467 = 0x800d6467
                0x00000000800cae40                D_800CAE40 = 0x800cae40
                0x00000000800cae50                D_800CAE50 = 0x800cae50
                0x00000000800d6470                D_800D6470 = 0x800d6470
                0x00000000800d6472                D_800D6472 = 0x800d6472
                0x00000000800d6478                D_800D6478 = 0x800d6478
                0x00000000800d6474                D_800D6474 = 0x800d6474
                0x00000000800c4e60                D_800C4E60 = 0x800c4e60
                0x00000000800caf7c                D_800CAF7C = 0x800caf7c
                0x00000000800f3ff2                D_800F3FF2 = 0x800f3ff2
                0x00000000800d6480                D_800D6480 = 0x800d6480
                0x00000000800d6482                D_800D6482 = 0x800d6482
                0x00000000800d6500                D_800D6500 = 0x800d6500
                0x00000000800d64f8                D_800D64F8 = 0x800d64f8
                0x00000000800d6502                D_800D6502 = 0x800d6502
                0x00000000800d6504                D_800D6504 = 0x800d6504
                0x00000000800d6508                D_800D6508 = 0x800d6508
                0x00000000800d6490                D_800D6490 = 0x800d6490
                0x00000000800d650c                D_800D650C = 0x800d650c
                0x00000000800d6658                D_800D6658 = 0x800d6658
                0x00000000800d665c                D_800D665C = 0x800d665c
                0x00000000800d65fc                D_800D65FC = 0x800d65fc
                0x00000000800d6654                D_800D6654 = 0x800d6654
                0x00000000800d6650                D_800D6650 = 0x800d6650
                0x00000000800d6594                D_800D6594 = 0x800d6594
                0x00000000800d6518                D_800D6518 = 0x800d6518
                0x00000000800d6580                D_800D6580 = 0x800d6580
                0x00000000800d65e8                D_800D65E8 = 0x800d65e8
                0x00000000800ece10                D_800ECE10 = 0x800ece10
                0x00000000800d652c                D_800D652C = 0x800d652c
                0x00000000800d6510                D_800D6510 = 0x800d6510
                0x00000000800d6504                D_800D6504 = 0x800d6504
                0x00000000800d64fc                D_800D64FC = 0x800d64fc
                0x00000000800cb010                D_800CB010 = 0x800cb010
                0x00000000800c4ef6                D_800C4EF6 = 0x800c4ef6
                0x00000000800c4ee8                D_800C4EE8 = 0x800c4ee8
                0x00000000800cb028                D_800CB028 = 0x800cb028
                0x00000000800cb024                D_800CB024 = 0x800cb024
                0x00000000800ed5c6                D_800ED5C6 = 0x800ed5c6
                0x00000000800d6670                D_800D6670 = 0x800d6670
                0x00000000800d667c                D_800D667C = 0x800d667c
                0x00000000800d6688                D_800D6688 = 0x800d6688
                0x00000000800d6694                D_800D6694 = 0x800d6694
                0x00000000800d66a0                D_800D66A0 = 0x800d66a0
                0x00000000800d66ac                D_800D66AC = 0x800d66ac
                0x00000000800d66ae                D_800D66AE = 0x800d66ae
                0x00000000800d66a4                D_800D66A4 = 0x800d66a4
                0x00000000800c4f68                D_800C4F68 = 0x800c4f68
                0x00000000800d66b8                D_800D66B8 = 0x800d66b8
                0x00000000800d66fe                D_800D66FE = 0x800d66fe
                0x00000000800d66ba                D_800D66BA = 0x800d66ba
                0x00000000800d66fa                D_800D66FA = 0x800d66fa
                0x00000000800d66f4                D_800D66F4 = 0x800d66f4
                0x00000000800d66b0                D_800D66B0 = 0x800d66b0
                0x00000000800d6708                D_800D6708 = 0x800d6708
                0x00000000800d66fe                D_800D66FE = 0x800d66fe
                0x00000000800d670c                D_800D670C = 0x800d670c
                0x00000000800d6710                D_800D6710 = 0x800d6710
                0x00000000800c4f10                D_800C4F10 = 0x800c4f10
                0x00000000800d6702                D_800D6702 = 0x800d6702
                0x00000000800c4f40                D_800C4F40 = 0x800c4f40
                0x00000000800c4f3c                D_800C4F3C = 0x800c4f3c
                0x00000000800d66f0                D_800D66F0 = 0x800d66f0
                0x00000000800d66fc                D_800D66FC = 0x800d66fc
                0x00000000800d6700                D_800D6700 = 0x800d6700
                0x00000000800d6704                D_800D6704 = 0x800d6704
                0x00000000800d0064                D_800D0064 = 0x800d0064
                0x00000000800c4f14                D_800C4F14 = 0x800c4f14
                0x00000000800d6720                D_800D6720 = 0x800d6720
                0x00000000800d6724                D_800D6724 = 0x800d6724
                0x00000000800c4f70                D_800C4F70 = 0x800c4f70
                0x00000000800d673c                D_800D673C = 0x800d673c
                0x00000000800d6728                D_800D6728 = 0x800d6728
                0x00000000800c4f74                D_800C4F74 = 0x800c4f74
                0x00000000800c4f78                D_800C4F78 = 0x800c4f78
                0x00000000800d6734                D_800D6734 = 0x800d6734
                0x00000000800d6732                D_800D6732 = 0x800d6732
                0x00000000800d6736                D_800D6736 = 0x800d6736
                0x00000000800d6738                D_800D6738 = 0x800d6738
                0x00000000800d6730                D_800D6730 = 0x800d6730
                0x00000000800d6af0                D_800D6AF0 = 0x800d6af0
                0x00000000800d7f20                D_800D7F20 = 0x800d7f20
                0x00000000800d8090                D_800D8090 = 0x800d8090
                0x00000000800d7fd8                D_800D7FD8 = 0x800d7fd8
                0x00000000800d6b08                D_800D6B08 = 0x800d6b08
                0x00000000800d7f30                D_800D7F38 = 0x800d7f30
                0x00000000800d7ff0                D_800D7FF0 = 0x800d7ff0
                0x00000000800d80a8                D_800D80A8 = 0x800d80a8
                0x00000000800d7710                D_800D7710 = 0x800d7710
                0x00000000800d7560                D_800D7560 = 0x800d7560
                0x00000000800d6ba8                D_800D6BA8 = 0x800d6ba8
                0x00000000800d6740                D_800D6740 = 0x800d6740
                0x00000000800d6a60                D_800D6A60 = 0x800d6a60
                0x00000000800c4f80                D_800C4F80 = 0x800c4f80
                0x00000000800c4f7c                D_800C4F7C = 0x800c4f7c
                0x00000000800d80b8                D_800D80B8 = 0x800d80b8
                0x00000000800d80cc                D_800D80CC = 0x800d80cc
                0x00000000800d80e4                D_800D80E4 = 0x800d80e4
                0x00000000800d80d8                D_800D80D8 = 0x800d80d8
                0x00000000800d80f0                D_800D80F0 = 0x800d80f0
                0x00000000800d80c4                D_800D80C4 = 0x800d80c4
                0x00000000800d80bc                D_800D80BC = 0x800d80bc
                0x00000000800d80b4                D_800D80B4 = 0x800d80b4
                0x00000000800d80b0                D_800D80B0 = 0x800d80b0
                0x00000000800d672c                D_800D672C = 0x800d672c
                0x00000000800d8140                D_800D8140 = 0x800d8140
                0x00000000800c4fd4                D_800C4FD4 = 0x800c4fd4
                0x00000000800c4ffc                D_800C4FFC = 0x800c4ffc
                0x00000000800c5024                D_800C5024 = 0x800c5024
                0x00000000800d8118                D_800D8118 = 0x800d8118
                0x00000000800c4fd0                D_800C4FD0 = 0x800c4fd0
                0x00000000800f3290                D_800F3290 = 0x800f3290
                0x00000000800c5120                D_800C5120 = 0x800c5120
                0x00000000000c50a0                D_000C50A0 = 0xc50a0
                0x00000000800c504c                D_800C504C = 0x800c504c
                0x00000000000c50e0                D_000C50E0 = 0xc50e0
                0x00000000800c5074                D_800C5074 = 0x800c5074
                0x00000000800d8100                D_800D8100 = 0x800d8100
                0x00000000800d8144                D_800D8144 = 0x800d8144
                0x00000000800d814c                D_800D814C = 0x800d814c
                0x00000000800d8148                D_800D8148 = 0x800d8148
                0x00000000800d8150                D_800D8150 = 0x800d8150
                0x00000000800d8102                D_800D8102 = 0x800d8102
                0x00000000800d8104                D_800D8104 = 0x800d8104
                0x00000000800d8108                D_800D8108 = 0x800d8108
                0x00000000800d810c                D_800D810C = 0x800d810c
                0x00000000800d8110                D_800D8110 = 0x800d8110
                0x00000000800d8154                D_800D8154 = 0x800d8154
                0x00000000800d66f8                D_800D66F8 = 0x800d66f8
                0x00000000800d66ee                D_800D66EE = 0x800d66ee
                0x00000000800ed5c8                D_800ED5C8 = 0x800ed5c8
                0x00000000800ed5c0                D_800ED5C0 = 0x800ed5c0
                0x00000000800c5214                D_800C5214 = 0x800c5214
                0x00000000800c5213                D_800C5213 = 0x800c5213
                0x00000000800c5210                D_800C5210 = 0x800c5210
                0x00000000800cb0ec                D_800CB0EC = 0x800cb0ec
                0x00000000800f50c0                D_800F50C0 = 0x800f50c0
                0x00000000800cb11c                D_800CB11C = 0x800cb11c
                0x00000000800cb110                D_800CB110 = 0x800cb110
                0x00000000800c524c                D_800C524C = 0x800c524c
                0x00000000800c5248                D_800C5248 = 0x800c5248
                0x00000000800d8160                D_800D8160 = 0x800d8160
                0x00000000800d8220                D_800D8220 = 0x800d8220
                0x00000000800d8260                D_800D8260 = 0x800d8260
                0x00000000800d82e0                D_800D82E0 = 0x800d82e0
                0x00000000800d8360                D_800D8360 = 0x800d8360
                0x00000000800d8364                D_800D8364 = 0x800d8364
                0x00000000800d8368                D_800D8368 = 0x800d8368
                0x00000000800ed146                D_800ED146 = 0x800ed146
                0x00000000800c526c                D_800C526C = 0x800c526c
                0x00000000800f329a                D_800F329A = 0x800f329a
                0x00000000800cb180                D_800CB180 = 0x800cb180
                0x00000000800ed5c4                D_800ED5C4 = 0x800ed5c4
                0x00000000800ed5c8                D_800ED5C8 = 0x800ed5c8
                0x00000000800c52fc                D_800C52FC = 0x800c52fc
                0x00000000800c52f8                D_800C52F8 = 0x800c52f8
                0x00000000800d8370                D_800D8370 = 0x800d8370
                0x00000000800d8376                D_800D8376 = 0x800d8376
                0x00000000800c5328                D_800C5328 = 0x800c5328
                0x00000000800c5348                D_800C5348 = 0x800c5348
                0x00000000800c5330                D_800C5330 = 0x800c5330
                0x00000000800d8374                D_800D8374 = 0x800d8374
                0x00000000800c53ac                D_800C53AC = 0x800c53ac
                0x00000000800c53b4                D_800C53B4 = 0x800c53b4
                0x00000000800c53bc                D_800C53BC = 0x800c53bc
                0x00000000800f329e                D_800F329E = 0x800f329e
                0x00000000800f32b0                D_800F32B0 = 0x800f32b0
                0x00000000800d8380                D_800D8380 = 0x800d8380
                0x00000000800e008c                D_800E008C = 0x800e008c
                0x00000000800c54c0                D_800C54C0 = 0x800c54c0
                0x00000000800c54c4                D_800C54C4 = 0x800c54c4
                0x00000000800d8390                D_800D8390 = 0x800d8390
                0x00000000800d8394                D_800D8394 = 0x800d8394
                0x00000000800e0001                D_800E0001 = 0x800e0001
                0x00000000800dffff                D_800DFFFF = 0x800dffff
                0x00000000800d83a8                D_800D83A8 = 0x800d83a8
                0x00000000800d84d0                D_800D84D0 = 0x800d84d0
                0x00000000800c54d0                D_800C54D0 = 0x800c54d0
                0x00000000800c54d4                D_800C54D4 = 0x800c54d4
                0x00000000800d84a8                D_800D84A8 = 0x800d84a8
                0x00000000800d84ac                D_800D84AC = 0x800d84ac
                0x00000000800d84c8                D_800D84C8 = 0x800d84c8
                0x00000000800d84b8                D_800D84B8 = 0x800d84b8
                0x00000000800d84b0                D_800D84B0 = 0x800d84b0
                0x00000000800c5614                D_800C5614 = 0x800c5614
                0x00000000800c5638                D_800C5638 = 0x800c5638
                0x00000000800c5634                D_800C5634 = 0x800c5634
                0x00000000800d83a0                D_800D83A0 = 0x800d83a0
                0x00000000800d84aa                D_800D84AA = 0x800d84aa
                0x00000000800cb1c0                D_800CB1C0 = 0x800cb1c0
                0x00000000800cb228                D_800CB228 = 0x800cb228
                0x00000000800c5698                D_800C5698 = 0x800c5698
                0x00000000800c54e8                D_800C54E8 = 0x800c54e8
                0x00000000800c54f4                D_800C54F4 = 0x800c54f4
                0x00000000800c54ec                D_800C54EC = 0x800c54ec
                0x00000000800c54d8                D_800C54D8 = 0x800c54d8
                0x00000000800c54e4                D_800C54E4 = 0x800c54e4
                0x00000000800c54dc                D_800C54DC = 0x800c54dc
                0x00000000800d84c0                D_800D84C0 = 0x800d84c0
                0x00000000800d84b4                D_800D84B4 = 0x800d84b4
                0x00000000800c5654                D_800C5654 = 0x800c5654
                0x00000000800d83ad                D_800D83AD = 0x800d83ad
                0x00000000800d85d4                D_800D85D4 = 0x800d85d4
                0x00000000800d85ec                D_800D85EC = 0x800d85ec
                0x00000000800d8654                D_800D8654 = 0x800d8654
                0x00000000800c524e                D_800C524E = 0x800c524e
                0x00000000800c5360                D_800C5360 = 0x800c5360
                0x00000000800c5368                D_800C5368 = 0x800c5368
                0x00000000800c5370                D_800C5370 = 0x800c5370
                0x00000000800d8378                D_800D8378 = 0x800d8378
                0x00000000800f3750                D_800F3750 = 0x800f3750
                0x00000000800f37bb                D_800F37BB = 0x800f37bb
                0x00000000800d84e4                D_800D84E4 = 0x800d84e4
                0x00000000800f37c4                D_800F37C4 = 0x800f37c4
                0x00000000800d855c                D_800D855C = 0x800d855c
                0x00000000800d85d8                D_800D85D8 = 0x800d85d8
                0x00000000800cb298                D_800CB298 = 0x800cb298
                0x00000000800cb2a0                D_800CB2A0 = 0x800cb2a0
                0x00000000800d85d6                D_800D85D6 = 0x800d85d6
                0x00000000800d86a8                D_800D86A8 = 0x800d86a8
                0x00000000800d84e0                D_800D84E0 = 0x800d84e0
                0x00000000800d84e2                D_800D84E2 = 0x800d84e2
                0x00000000800d84ea                D_800D84EA = 0x800d84ea
                0x00000000800d84e8                D_800D84E8 = 0x800d84e8
                0x00000000800d84f0                D_800D84F0 = 0x800d84f0
                0x00000000800cb2a4                D_800CB2A4 = 0x800cb2a4
                0x00000000800d8504                D_800D8504 = 0x800d8504
                0x00000000800d84e6                D_800D84E6 = 0x800d84e6
                0x00000000800d8558                D_800D8558 = 0x800d8558
                0x00000000800d8562                D_800D8562 = 0x800d8562
                0x00000000800d8560                D_800D8560 = 0x800d8560
                0x00000000800d8568                D_800D8568 = 0x800d8568
                0x00000000800d857c                D_800D857C = 0x800d857c
                0x00000000800d855e                D_800D855E = 0x800d855e
                0x00000000800d85d0                D_800D85D0 = 0x800d85d0
                0x00000000800d85d8                D_800D85D8 = 0x800d85d8
                0x00000000800d8640                D_800D8640 = 0x800d8640
                0x00000000800d86b2                D_800D86B2 = 0x800d86b2
                0x00000000800d86b8                D_800D86B8 = 0x800d86b8
                0x00000000800c597e                D_800C597E = 0x800c597e
                0x00000000800d86b0                D_800D86B0 = 0x800d86b0
                0x00000000800d86e2                D_800D86E2 = 0x800d86e2
                0x0000000000fe2310                D_00FE2310 = 0xfe2310
                0x00000000800d86ec                D_800D86EC = 0x800d86ec
                0x00000000800d86ee                D_800D86EE = 0x800d86ee
                0x00000000800d86f0                D_800D86F0 = 0x800d86f0
                0x00000000800d86e4                D_800D86E4 = 0x800d86e4
                0x00000000800ed5ca                D_800ED5CA = 0x800ed5ca
                0x00000000800ed5de                D_800ED5DE = 0x800ed5de
                0x00000000800d86fc                D_800D86FC = 0x800d86fc
                0x00000000800d86fa                D_800D86FA = 0x800d86fa
                0x00000000800f5144                D_800F5144 = 0x800f5144
                0x00000000800d86e2                D_800D86E2 = 0x800d86e2
                0x00000000800d86f4                D_800D86F4 = 0x800d86f4
                0x00000000800d86f8                D_800D86F8 = 0x800d86f8
                0x00000000800d86e8                D_800D86E8 = 0x800d86e8
                0x00000000800f2a78                D_800F2A78 = 0x800f2a78
                0x00000000800ed0d2                D_800ED0D2 = 0x800ed0d2
                0x00000000800f0017                D_800F0017 = 0x800f0017
                0x00000000800d8710                D_800D8710 = 0x800d8710
                0x00000000800ed100                D_800ED100 = 0x800ed100
                0x00000000800ed140                D_800ED140 = 0x800ed140
                0x00000000800ed144                D_800ED144 = 0x800ed144
                0x00000000800ed147                D_800ED147 = 0x800ed147
                0x00000000800f37b8                D_800F37B8 = 0x800f37b8
                0x00000000800ed120                D_800ED120 = 0x800ed120
                0x00000000800f32b3                D_800F32B3 = 0x800f32b3
                0x00000000800ed610                D_800ED610 = 0x800ed610
                0x00000000800ed72c                D_800ED72C = 0x800ed72c
                0x00000000800f384c                D_800F384C = 0x800f384c
                0x00000000800d87d8                D_800D87D8 = 0x800d87d8
                0x00000000800cb3c8                D_800CB3C8 = 0x800cb3c8
                0x00000000800d8730                D_800D8730 = 0x800d8730
                0x00000000800d872c                D_800D872C = 0x800d872c
                0x00000000800d8722                D_800D8722 = 0x800d8722
                0x00000000800d88f8                D_800D88F8 = 0x800d88f8
                0x00000000800cb3cc                D_800CB3CC = 0x800cb3cc
                0x00000000800cb3d0                D_800CB3D0 = 0x800cb3d0
                0x00000000800d88fe                D_800D88FE = 0x800d88fe
                0x00000000800cb444                D_800CB444 = 0x800cb444
                0x00000000800d8724                D_800D8724 = 0x800d8724
                0x00000000800cb44c                D_800CB44C = 0x800cb44c
                0x00000000800cb4a0                D_800CB4A0 = 0x800cb4a0
                0x00000000800d8738                D_800D8738 = 0x800d8738
                0x00000000800d8728                D_800D8728 = 0x800d8728
                0x00000000800cb4b4                D_800CB4B4 = 0x800cb4b4
                0x00000000800cb4c4                D_800CB4C4 = 0x800cb4c4
                0x00000000800ed4b0                D_800ED4B0 = 0x800ed4b0
                0x00000000800d872e                D_800D872E = 0x800d872e
                0x00000000800d86e0                D_800D86E0 = 0x800d86e0
                0x00000000800cb448                D_800CB448 = 0x800cb448
                0x00000000800c5810                D_800C5810 = 0x800c5810
                0x00000000800c5814                D_800C5814 = 0x800c5814
                0x00000000800c572f                D_800C572F = 0x800c572f
                0x00000000800d8902                D_800D8902 = 0x800d8902
                0x00000000800d8906                D_800D8906 = 0x800d8906
                0x00000000800d8904                D_800D8904 = 0x800d8904
                0x00000000800f32b6                D_800F32B6 = 0x800f32b6
                0x00000000800f64f2                D_800F64F2 = 0x800f64f2
                0x00000000800d8720                D_800D8720 = 0x800d8720
                0x00000000800ed150                D_800ED150 = 0x800ed150
                0x00000000800d8908                D_800D8908 = 0x800d8908
                0x00000000800d890c                D_800D890C = 0x800d890c
                0x00000000800ed0ce                D_800ED0CE = 0x800ed0ce
                0x00000000800d8910                D_800D8910 = 0x800d8910
                0x00000000800d8914                D_800D8914 = 0x800d8914
                0x00000000800d8918                D_800D8918 = 0x800d8918
                0x00000000800d8920                D_800D8920 = 0x800d8920
                0x00000000800e0007                D_800E0007 = 0x800e0007
                0x00000000800f524a                D_800F524A = 0x800f524a
                0x00000000800f3752                D_800F3752 = 0x800f3752
                0x00000000800f0a22                D_800F0A22 = 0x800f0a22
                0x00000000800d8930                D_800D8930 = 0x800d8930
                0x00000000800d8940                D_800D8940 = 0x800d8940
                0x00000000800d8954                D_800D8954 = 0x800d8954
                0x00000000800d8958                D_800D8958 = 0x800d8958
                0x00000000800d8950                D_800D8950 = 0x800d8950
                0x00000000800d8952                D_800D8952 = 0x800d8952
                0x00000000800f37ba                D_800F37BA = 0x800f37ba
                0x00000000800f32b4                D_800F32B4 = 0x800f32b4
                0x00000000800d8984                D_800D8984 = 0x800d8984
                0x00000000800d8986                D_800D8986 = 0x800d8986
                0x00000000800d8988                D_800D8988 = 0x800d8988
                0x00000000800ed5e3                D_800ED5E3 = 0x800ed5e3
                0x00000000800d89a0                D_800D89A0 = 0x800d89a0
                0x00000000800d8994                D_800D8994 = 0x800d8994
                0x00000000800d8992                D_800D8992 = 0x800d8992
                0x00000000800d898c                D_800D898C = 0x800d898c
                0x00000000800d8990                D_800D8990 = 0x800d8990
                0x00000000800d8980                D_800D8980 = 0x800d8980
                0x00000000800d89a0                D_800D89A0 = 0x800d89a0
                0x00000000800d8984                D_800D8984 = 0x800d8984
                0x00000000800d8988                D_800D8988 = 0x800d8988
                0x00000000800d8986                D_800D8986 = 0x800d8986
                0x00000000800f5816                D_800C5816 = 0x800f5816
                0x00000000800f32bf                D_800F32BF = 0x800f32bf
                0x00000000800f37c5                D_800F37C5 = 0x800f37c5
                0x00000000800f32c1                D_800F32C1 = 0x800f32c1
                0x00000000800f32be                D_800F32BE = 0x800f32be
                0x00000000800f37c6                D_800F37C6 = 0x800f37c6
                0x00000000800f32c0                D_800F32C0 = 0x800f32c0
                0x00000000800ed550                D_800ED550 = 0x800ed550
                0x00000000800ed56c                D_800ED56C = 0x800ed56c
                0x00000000800f65ba                D_800F65BA = 0x800f65ba
                0x00000000800ed434                D_800ED434 = 0x800ed434
                0x00000000800f5468                D_800F5468 = 0x800f5468
                0x00000000800f3858                D_800F3858 = 0x800f3858
                0x00000000800c5984                D_800C5984 = 0x800c5984
                0x00000000800c5988                D_800C5988 = 0x800c5988
                0x00000000800c598a                D_800C598A = 0x800c598a
                0x00000000800c598c                D_800C598C = 0x800c598c
                0x00000000800c5990                D_800C5990 = 0x800c5990
                0x00000000800f64e0                D_800F64E0 = 0x800f64e0
                0x00000000800ed618                D_800ED618 = 0x800ed618
                0x00000000800f37f8                D_800F37F8 = 0x800f37f8
                0x00000000800f09f4                D_800F09F4 = 0x800f09f4
                0x00000000800c5968                D_800C5968 = 0x800c5968
                0x00000000800c5982                D_800C5982 = 0x800c5982
                0x00000000800c597a                D_800C597A = 0x800c597a
                0x00000000800c597c                D_800C597C = 0x800c597c
                0x00000000800c58e2                D_800C58E2 = 0x800c58e2
                0x00000000800c58e2                D_800F3184 = 0x800c58e2
                0x00000000800c59a3                D_800C59A3 = 0x800c59a3
                0x00000000800c599a                D_800C599A = 0x800c599a
                0x00000000800c5972                D_800C5972 = 0x800c5972
                0x00000000800cb538                D_800CB538 = 0x800cb538
                0x00000000800cb544                D_800CB544 = 0x800cb544
                0x00000000800cb554                D_800CB554 = 0x800cb554
                0x00000000800cb560                D_800CB560 = 0x800cb560
                0x00000000800c598a                D_800C598A = 0x800c598a
                0x00000000800cb56c                D_800CB56C = 0x800cb56c
                0x00000000800c5998                D_800C5998 = 0x800c5998
                0x00000000800c59a6                D_800C59A6 = 0x800c59a6
                0x00000000800c59a4                D_800C59A4 = 0x800c59a4
                0x00000000800c5978                D_800C5978 = 0x800c5978
                0x00000000800c5994                D_800C5994 = 0x800c5994
                0x00000000800f3184                D_800F3184 = 0x800f3184
                0x00000000800c59a2                D_800C59A2 = 0x800c59a2
                0x00000000800c5a20                D_800C5A20 = 0x800c5a20
                0x00000000800c5a21                D_800C5A21 = 0x800c5a21
                0x00000000800d89b0                D_800D89B0 = 0x800d89b0
                0x00000000800c599c                D_800C599C = 0x800c599c
                0x00000000800c5a21                D_800C5A21 = 0x800c5a21
                0x00000000800f09f4                D_800F09F4 = 0x800f09f4
                0x00000000800f09f6                D_800F09F6 = 0x800f09f6
                0x00000000800c596c                D_800C596C = 0x800c596c
                0x00000000800c5982                D_800C5982 = 0x800c5982
                0x00000000800f65e0                func_800F65E0 = 0x800f65e0
                0x00000000800cb5a4                D_800CB5A4 = 0x800cb5a4
                0x00000000800cb5b0                D_800CB5B0 = 0x800cb5b0
                0x00000000800f09e4                D_800F09E4 = 0x800f09e4
                0x00000000800f09e5                D_800F09E5 = 0x800f09e5
                0x00000000800f09e6                D_800F09E6 = 0x800f09e6
                0x00000000800ee324                D_800EE324 = 0x800ee324
                0x00000000800c5974                D_800C5974 = 0x800c5974
                0x00000000800c5976                D_800C5976 = 0x800c5976
                0x00000000800c5966                D_800C5966 = 0x800c5966
                0x00000000800d89be                D_800D89BE = 0x800d89be
                0x00000000800d89c0                D_800D89C0 = 0x800d89c0
                0x00000000800c5982                D_800C5982 = 0x800c5982
                0x00000000800f3b80                D_800F3B80 = 0x800f3b80
                0x00000000800ee750                D_800EE750 = 0x800ee750
                0x00000000800f6520                D_800F6520 = 0x800f6520
                0x00000000800c5996                D_800C5996 = 0x800c5996
                0x00000000800d89b2                D_800D89B2 = 0x800d89b2
                0x00000000800f0a08                D_800F0A08 = 0x800f0a08
                0x00000000800c0014                D_800C0014 = 0x800c0014
                0x00000000015396a0                D_015396A0 = 0x15396a0
                0x00000000800f0a08                D_800F0A08 = 0x800f0a08
                0x00000000800ed55c                D_800ED55C = 0x800ed55c
                0x00000000800ecc24                D_800ECC24 = 0x800ecc24
                0x00000000800d8ab2                D_800D8AB2 = 0x800d8ab2
                0x00000000800d8c60                D_800D8C60 = 0x800d8c60
                0x00000000800d8cc8                D_800D8CC8 = 0x800d8cc8
                0x00000000800d8ccc                D_800D8CCC = 0x800d8ccc
                0x00000000800d8c88                D_800D8C88 = 0x800d8c88
                0x00000000800d8c90                D_800D8C90 = 0x800d8c90
                0x00000000800d8c94                D_800D8C94 = 0x800d8c94
                0x00000000800d8c9c                D_800D8C9C = 0x800d8c9c
                0x00000000800d8ca4                D_800D8CA4 = 0x800d8ca4
                0x00000000800d8cac                D_800D8CAC = 0x800d8cac
                0x00000000800d8cb8                D_800D8CB8 = 0x800d8cb8
                0x00000000800d8cd0                D_800D8CD0 = 0x800d8cd0
                0x00000000800d8cbc                D_800D8CBC = 0x800d8cbc
                0x00000000800d8cc4                D_800D8CC4 = 0x800d8cc4
                0x00000000800d8c98                D_800D8C98 = 0x800d8c98
                0x00000000800d8ca0                D_800D8CA0 = 0x800d8ca0
                0x00000000800d8c78                D_800D8C78 = 0x800d8c78
                0x00000000800d8c58                D_800D8C58 = 0x800d8c58
                0x00000000800d8c5c                D_800D8C5C = 0x800d8c5c
                0x00000000800d8c60                D_800D8C60 = 0x800d8c60
                0x00000000800d8aa8                D_800D8AA8 = 0x800d8aa8
                0x00000000800d8b80                D_800D8B80 = 0x800d8b80
                0x00000000800d8ab0                D_800D8AB0 = 0x800d8ab0
                0x00000000800d89d0                D_800D89D0 = 0x800d89d0
                0x00000000800d8b88                D_800D8B88 = 0x800d8b88
                0x00000000800d8ca8                D_800D8CA8 = 0x800d8ca8
                0x00000000800d8cc0                D_800D8CC0 = 0x800d8cc0
                0x00000000800d8cb0                D_800D8CB0 = 0x800d8cb0
                0x00000000800d8cb4                D_800D8CB4 = 0x800d8cb4
                0x00000000800d8cd4                D_800D8CD4 = 0x800d8cd4
                0x00000000800d8cdc                D_800D8CDC = 0x800d8cdc
                0x00000000800d8ce4                D_800D8CE4 = 0x800d8ce4
                0x00000000800d90d0                D_800D90D0 = 0x800d90d0
                0x00000000800d9270                D_800D9270 = 0x800d9270
                0x00000000800f65a0                D_800F65A0 = 0x800f65a0
                0x00000000800ed570                D_800ED570 = 0x800ed570
                0x00000000800ee31c                D_800EE31C = 0x800ee31c
                0x00000000800f2bc8                D_800F2BC8 = 0x800f2bc8
                0x00000000800ed4b4                D_800ED4B4 = 0x800ed4b4
                0x00000000800d9370                D_800D9370 = 0x800d9370
                0x00000000800ecb26                D_800ECB26 = 0x800ecb26
                0x00000000800f64e4                D_800F64E4 = 0x800f64e4
                0x00000000800ed448                D_800ED448 = 0x800ed448
                0x00000000800f09e7                D_800F09E7 = 0x800f09e7
                0x00000000800d9378                D_800D9378 = 0x800d9378
                0x00000000800ee310                D_800EE310 = 0x800ee310
                0x00000000800f09e8                D_800F09E8 = 0x800f09e8
                0x00000000800f09e9                D_800F09E9 = 0x800f09e9
                0x00000000800c0a70                D_800C0A70 = 0x800c0a70
                0x00000000800c5b34                D_800C5B34 = 0x800c5b34
                0x00000000800c1670                D_800C1670 = 0x800c1670
                0x00000000800c0004                D_800C0004 = 0x800c0004
                0x00000000800e23d4                D_800E23D4 = 0x800e23d4
                0x00000000800e23cc                D_800E23CC = 0x800e23cc
                0x00000000800e2370                D_800E2370 = 0x800e2370
                0x00000000800e23d0                D_800E23D0 = 0x800e23d0
                0x00000000800f0a3c                D_800F0A3C = 0x800f0a3c
                0x00000000800ed530                D_800ED530 = 0x800ed530
[...]
                0x00000000800e7b05                D_800E7B05 = 0x800e7b05
                0x00000000800c6430                D_800C6430 = 0x800c6430
                0x00000000800cc2a2                D_800CC2A2 = 0x800cc2a2
                0x00000000800c6450                D_800C6450 = 0x800c6450
                0x00000000800cc2a0                D_800CC2A0 = 0x800cc2a0
                0x00000000800e9930                D_800E9930 = 0x800e9930
                0x00000000800e9910                D_800E9910 = 0x800e9910
                0x00000000800cc2b8                D_800CC2B8 = 0x800cc2b8
                0x00000000800cc2b0                D_800CC2B0 = 0x800cc2b0
                0x00000000800cc310                D_800CC310 = 0x800cc310
                0x00000000800cc6b0                D_800CC6B0 = 0x800cc6b0
                0x00000000800cc338                D_800CC338 = 0x800cc338
                0x00000000800cc33c                D_800CC33C = 0x800cc33c
                0x00000000800cc348                D_800CC348 = 0x800cc348
                0x00000000800cc34c                D_800CC34C = 0x800cc34c
                0x00000000800cc358                D_800CC358 = 0x800cc358
                0x00000000800cc35c                D_800CC35C = 0x800cc35c
                0x00000000800c6470                D_800C6470 = 0x800c6470
                0x00000000800c6480                D_800C6480 = 0x800c6480
                0x00000000800cc410                D_800CC410 = 0x800cc410
                0x00000000800c6490                D_800C6490 = 0x800c6490
                0x0000000080000010                D_80000010 = 0x80000010
                0x0000000080000020                D_80000020 = 0x80000020
                0x00000000a430000c                D_A430000C = 0xa430000c
                0x00000000800c64a0                D_800C64A0 = 0x800c64a0
                0x00000000800c64ac                D_800C64AC = 0x800c64ac
                0x00000000800c64b0                D_800C64B0 = 0x800c64b0
                0x00000000800ecb18                D_800ECB18 = 0x800ecb18
                0x00000000800f0a30                D_800F0A30 = 0x800f0a30
                0x00000000800f0a34                D_800F0A34 = 0x800f0a34
                0x00000000800c64c0                D_800C64C0 = 0x800c64c0
                0x00000000800ed608                D_800ED608 = 0x800ed608
                0x00000000800c64c0                D_800C64C0 = 0x800c64c0
                0x00000000800f37ec                D_800F37EC = 0x800f37ec
                0x00000000800c64e0                D_800C64E0 = 0x800c64e0
                0x00000000800ea180                D_800EA180 = 0x800ea180
                0x00000000800ea190                D_800EA190 = 0x800ea190
                0x00000000800ea198                D_800EA198 = 0x800ea198
                0x00000000800ea1a0                D_800EA1A0 = 0x800ea1a0
                0x00000000800ea1a8                D_800EA1A8 = 0x800ea1a8
                0x00000000800ea1ac                D_800EA1AC = 0x800ea1ac
                0x00000000800ea1b0                D_800EA1B0 = 0x800ea1b0
                0x00000000800ea1b8                D_800EA1B8 = 0x800ea1b8
                0x00000000800ea184                D_800EA184 = 0x800ea184
                0x00000000800ea1bc                D_800EA1BC = 0x800ea1bc
                0x00000000800ea19c                D_800EA19C = 0x800ea19c
                0x00000000800ea190                D_800EA190 = 0x800ea190
                0x00000000800c77b0                D_800C77B0 = 0x800c77b0
                0x00000000800c77b4                D_800C77B4 = 0x800c77b4
                0x00000000800c64f0                D_800C64F0 = 0x800c64f0
                0x00000000800f09f8                D_800F09F8 = 0x800f09f8
                0x00000000800ed3f0                D_800ED3F0 = 0x800ed3f0
                0x00000000800f3742                D_800F3742 = 0x800f3742
                0x00000000800f64c8                D_800F64C8 = 0x800f64c8
                0x00000000800f3754                D_800F3754 = 0x800f3754
                0x00000000800ed428                D_800ED428 = 0x800ed428
                0x00000000800ed42c                D_800ED42C = 0x800ed42c
                0x00000000800f5470                D_800F5470 = 0x800f5470
                0x00000000800f54ac                D_800F54AC = 0x800f54ac
                0x00000000800f4000                D_800F4000 = 0x800f4000
                0x00000000800c6520                D_800C6520 = 0x800c6520
                0x00000000800f2cc0                D_800F2CC0 = 0x800f2cc0
                0x00000000800ea1c0                D_800EA1C0 = 0x800ea1c0
                0x00000000800c6500                D_800C6500 = 0x800c6500
                0x00000000800c7728                D_800C7728 = 0x800c7728
                0x00000000a44fffff                D_A44FFFFF = 0xa44fffff
                0x00000000800c6510                D_800C6510 = 0x800c6510
                0x00000000800f2a84                D_800F2A84 = 0x800f2a84
                0x00000000800f2a8c                D_800F2A8C = 0x800f2a8c
                0x00000000800f2a89                D_800F2A89 = 0x800f2a89
                0x00000000800f2a90                D_800F2A90 = 0x800f2a90
                0x00000000800f2a86                D_800F2A86 = 0x800f2a86
                0x00000000800f2a85                D_800F2A85 = 0x800f2a85
                0x00000000800f2a87                D_800F2A87 = 0x800f2a87
                0x00000000800f2a88                D_800F2A88 = 0x800f2a88
                0x00000000800f2a80                D_800F2A80 = 0x800f2a80
                0x00000000800f2be0                D_800F2BE0 = 0x800f2be0
                0x00000000800f2c1c                D_800F2C1C = 0x800f2c1c
                0x00000000a4600005                D_A4600005 = 0xa4600005
                0x00000000a4600006                D_A4600006 = 0xa4600006
                0x00000000a4600007                D_A4600007 = 0xa4600007
                0x00000000a4600008                D_A4600008 = 0xa4600008
                0x00000000a4600004                D_A4600004 = 0xa4600004
                0x00000000800ea1d0                D_800EA1D0 = 0x800ea1d0
                0x00000000800eb480                D_800EB480 = 0x800eb480
                0x00000000800eb498                D_800EB498 = 0x800eb498
                0x00000000800ea2d0                D_800EA2D0 = 0x800ea2d0
                0x00000000800c6530                D_800C6530 = 0x800c6530
                0x00000000800c6534                D_800C6534 = 0x800c6534
                0x00000000800c6538                D_800C6538 = 0x800c6538
                0x00000000800c6524                D_800C6524 = 0x800c6524
                0x00000000800c6528                D_800C6528 = 0x800c6528
                0x0000000080000308                D_80000308 = 0x80000308
                0x00000000800c6550                D_800C6550 = 0x800c6550
                0x00000000800ec660                D_800EC660 = 0x800ec660
                0x00000000800ec678                D_800EC678 = 0x800ec678
                0x00000000800c656c                D_800C656C = 0x800c656c
                0x00000000800ec690                D_800EC690 = 0x800ec690
                0x00000000800ec6a8                D_800EC6A8 = 0x800ec6a8
                0x00000000800ec692                D_800EC692 = 0x800ec692
                0x00000000800ec694                D_800EC694 = 0x800ec694
                0x00000000800ec6aa                D_800EC6AA = 0x800ec6aa
                0x00000000800ec6ac                D_800EC6AC = 0x800ec6ac
                0x00000000800eb4a8                D_800EB4A8 = 0x800eb4a8
                0x00000000800c652c                D_800C652C = 0x800c652c
                0x00000000800c6554                D_800C6554 = 0x800c6554
                0x00000000800c6558                D_800C6558 = 0x800c6558
                0x00000000800c655c                D_800C655C = 0x800c655c
                0x00000000800c6560                D_800C6560 = 0x800c6560
                0x00000000800c6564                D_800C6564 = 0x800c6564
                0x00000000800c6568                D_800C6568 = 0x800c6568
                0x00000000800eb4a0                D_800EB4A0 = 0x800eb4a0
                0x00000000a4400004                D_A4400004 = 0xa4400004
                0x00000000a4400008                D_A4400008 = 0xa4400008
                0x00000000a440000c                D_A440000C = 0xa440000c
                0x00000000a4400010                D_A4400010 = 0xa4400010
                0x00000000800ecc30                D_800ECC30 = 0x800ecc30
                0x00000000800c76f0                D_800C76F0 = 0x800c76f0
                0x00000000a4300008                D_A4300008 = 0xa4300008
                0x00000000a4040010                D_A4040010 = 0xa4040010
                0x00000000a450000c                D_A450000C = 0xa450000c
                0x00000000a4800018                D_A4800018 = 0xa4800018
                0x00000000a4600010                D_A4600010 = 0xa4600010
                0x00000000800c7718                D_800C7718 = 0x800c7718
                0x00000000800c772c                D_800C772C = 0x800c772c
                0x00000000800c64b4                D_800C64B4 = 0x800c64b4
                0x00000000800f5280                D_800F5280 = 0x800f5280
                0x00000000800f5458                D_800F5458 = 0x800f5458
                0x0000000080000004                D_80000004 = 0x80000004
                0x0000000080000008                D_80000008 = 0x80000008
                0x000000008000000c                D_8000000C = 0x8000000c
                0x00000000800c7720                D_800C7720 = 0x800c7720
                0x00000000800c7724                D_800C7724 = 0x800c7724
                0x000000008000031c                D_8000031C = 0x8000031c
                0x00000000800f310c                D_800F310C = 0x800f310c
                0x00000000800ed4bc                D_800ED4BC = 0x800ed4bc
                0x00000000800f310d                D_800F310D = 0x800f310d
                0x00000000800f310e                D_800F310E = 0x800f310e
                0x00000000800f310f                D_800F310F = 0x800f310f
                0x00000000800f3110                D_800F3110 = 0x800f3110
                0x00000000800ed4bd                D_800ED4BD = 0x800ed4bd
                0x00000000800ed4c0                D_800ED4C0 = 0x800ed4c0
                0x00000000800ed4be                D_800ED4BE = 0x800ed4be
                0x00000000800c7740                D_800C7740 = 0x800c7740
                0x00000000800c7750                D_800C7750 = 0x800c7750
                0x00000000800c7782                D_800C7782 = 0x800c7782
                0x00000000800c7752                D_800C7752 = 0x800c7752
                0x00000000800c7784                D_800C7784 = 0x800c7784
                0x00000000800c7754                D_800C7754 = 0x800c7754
                0x00000000800c7820                D_800C7820 = 0x800c7820
                0x00000000800c7870                D_800C7870 = 0x800c7870
                0x00000000800c77d0                D_800C77D0 = 0x800c77d0
                0x00000000800c7788                D_800C7788 = 0x800c7788
                0x00000000800f65c0                D_800F65C0 = 0x800f65c0
                0x00000000800c77c0                D_800C77C0 = 0x800c77c0
                0x00000000800ec6c0                D_800EC6C0 = 0x800ec6c0
                0x00000000800cc720                D_800CC720 = 0x800cc720
                0x00000000800cc728                D_800CC728 = 0x800cc728
                0x00000000800cc740                D_800CC740 = 0x800cc740
                0x00000000800c78c0                D_800C78C0 = 0x800c78c0
                0x00000000800c78e4                D_800C78E4 = 0x800c78e4
                0x00000000800c7910                D_800C7910 = 0x800c7910
                0x00000000800c7a00                D_800C7A00 = 0x800c7a00
                0x00000000800c7a28                D_800C7A28 = 0x800c7a28
                0x00000000800c7a50                D_800C7A50 = 0x800c7a50
                0x00000000800c7a78                D_800C7A78 = 0x800c7a78
                0x00000000800c7aa0                D_800C7AA0 = 0x800c7aa0
                0x00000000800cc940                D_800CC940 = 0x800cc940
                0x00000000800c7bc4                D_800C7BC4 = 0x800c7bc4
                0x00000000800c7bc0                D_800C7BC0 = 0x800c7bc0
                0x00000000800c7bd0                D_800C7BD0 = 0x800c7bd0
                0x00000000800c7be0                D_800C7BE0 = 0x800c7be0
                0x00000000800c7bf4                D_800C7BF4 = 0x800c7bf4
                0x00000000800cca8c                D_800CCA8C = 0x800cca8c
                0x00000000800cca88                D_800CCA88 = 0x800cca88
                0x00000000800cca40                D_800CCA40 = 0x800cca40
                0x00000000800ccaa0                D_800CCAA0 = 0x800ccaa0
                0x00000000800ccab0                D_800CCAB0 = 0x800ccab0
                0x00000000800c7c10                D_800C7C10 = 0x800c7c10
                0x00000000800ccb18                D_800CCB18 = 0x800ccb18
                0x00000000800ed43c                D_800ED43C = 0x800ed43c
                0x00000000800c42b4                D_800C42B4 = 0x800c42b4
                0x00000000800f3964                D_800F3964 = 0x800f3964
                0x00000000800c7ee0                D_800C7EE0 = 0x800c7ee0
                0x00000000800c81c0                D_800C81C0 = 0x800c81c0
                0x00000000800f2cd8                D_800F2CD8 = 0x800f2cd8
                0x00000000800c8330                D_800C8330 = 0x800c8330
                0x00000000800c7e10                D_800C7E10 = 0x800c7e10
                0x00000000800c8650                D_800C8650 = 0x800c8650
                0x00000000800c7e40                D_800C7E40 = 0x800c7e40
                0x00000000800c7e60                D_800C7E60 = 0x800c7e60
                0x00000000800c7e90                D_800C7E90 = 0x800c7e90
                0x00000000800c8338                D_800C8338 = 0x800c8338
                0x00000000800c7ec0                D_800C7EC0 = 0x800c7ec0
                0x00000000800cc430                D_800CC430 = 0x800cc430
                0x00000000800c7978                D_800C7978 = 0x800c7978
                0x00000000800f5148                D_800F5148 = 0x800f5148
                0x00000000800ccad0                D_800CCAD0 = 0x800ccad0
                0x00000000800c8654                D_800C8654 = 0x800c8654

.header         0x0000000000000000     0x1000
 *(.header)
 .header        0x0000000000000000     0x1000 build/marioparty.u.o
 *(.boot)

.text80000400   0x0000000080000400  0x1cec490 load address 0x0000000000001000
 *(.text80000400)
 .text80000400  0x0000000080000400  0x1cec490 build/marioparty.u.o
                0x00000000800145b0                ReadMainFS
                0x000000008001745c                DMA
                0x0000000080017528                LoadFormFile
                0x000000008001758c                GetRandomByte
                0x00000000800175c0                LoadOverlay
                0x00000000800177f4                ReadImgPackand
                0x000000008001b290                ParseObjType10
                0x000000008001c2e8                FindFormEntry
                0x000000008001d934                Convert3DTo2D
                0x000000008001e00c                ImgPackrelated
                0x0000000080023c14                LoadFormBinary
                0x000000008003b680                MakePermHeap
                0x000000008003b6a4                MallocPerm
                0x000000008003b6c8                FreePerm
                0x000000008003b750                MakeTempHeap
                0x000000008003b774                MallocTemp
                0x000000008003b798                FreeTemp
                0x000000008003c14c                DirectionPrompt
                0x000000008004a394                HVQDecode
                0x000000008004bdfc                BoardDefInit
                0x000000008004c1ec                GetSpaceData
                0x000000008004c204                GetAbsSpaceIndexFromChainSpaceIndex
                0x000000008004c230                GetChainLength
                0x000000008004c24c                GetChainSpaceIndexFromAbsSpaceIndex
                0x000000008004c48c                SetSpaceType
                0x000000008004c900                EventTableHydrate
                0x000000008004c968                ExecuteEventForSpace
                0x000000008004cb2c                SetCurrentSpaceIndex
                0x000000008004cb34                GetCurrentSpaceIndex
                0x000000008004cf44                SetPlayerBlue
                0x000000008004cf4c                SetPlayerRed
                0x000000008004cf54                SetPlayerGreen
                0x000000008004d008                GetTurnsElapsed
                0x000000008004d7d8                SetPlayerOntoChain
                0x000000008004d844                SetNextChainAndSpace
                0x000000008004d930                CreateTextWindow
                0x000000008004d9d8                ShowTextWindow
                0x000000008004dad0                HideTextWindow
                0x000000008004de64                WaitForTextConfirmation
                0x0000000080052a80                GetCurrentPlayerIndex
                0x0000000080052a8c                GetPlayerStruct
                0x0000000080052acc                PlayerIsCurrent
                0x0000000080052b20                PlayerIsCPU
                0x0000000080052b48                AdjustPlayerCoins
                0x0000000080052bb8                PlayerHasCoins
                0x0000000080056a08                SetupDKBoard
                0x0000000080058750                ExecBoardScene
                0x0000000080059798                IsBoardFeatureDisabled
                0x00000000800597dc                SetBoardFeatureEnabled
                0x000000008005982c                SetBoardFeatureDisabled
                0x0000000080059880                MakeHeap
                0x00000000800598a0                Malloc
                0x000000008005992c                Free
                0x0000000080059b00                Ensure16
                0x000000008005b75c                StringLen
                0x000000008005b7e8                LoadString
                0x000000008005b838                FreeString
                0x000000008005dc28                InitProcess
                0x000000008005dd90                EndProcess
                0x00000000800602ac                PlaySound
                0x0000000080062088                ReadFromRom
                0x00000000800622bc                DrawDebugText
                0x0000000080063550                SleepProcess
                0x00000000800635b4                SleepVProcess
                0x000000008006d7d8                LoadStringIntoWindow
                0x000000008006e070                SetTextCharsPerFrame
                0x000000008007f54c                HVQDecodeInner
                0x000000008008c040                bcopy
                0x000000008008c360                bzero
                0x000000008008c400                strchr
                0x000000008008c438                strlen
                0x000000008008c45c                memcpy
                0x000000008008c490                sprintf
                0x000000008008c520                rmonPrintf
                0x000000008008c534                osSyncPrintf

/DISCARD/
 *(*)
LOAD build/marioparty.u.o
OUTPUT(build/marioparty.u.elf elf32-tradbigmips)
